------------------------------------------------------------
TimeQuest Timing Analyzer Summary
------------------------------------------------------------

Type  : Slow 1200mV 85C Model Setup 'CLOCK_50'
Slack : -45.560
TNS   : -2539.230

Type  : Slow 1200mV 85C Model Setup 's_currentState.start'
Slack : -8.155
TNS   : -8.155

Type  : Slow 1200mV 85C Model Setup 's_currentState.clear'
Slack : 1.114
TNS   : 0.000

Type  : Slow 1200mV 85C Model Hold 's_currentState.clear'
Slack : -1.612
TNS   : -1.612

Type  : Slow 1200mV 85C Model Hold 'CLOCK_50'
Slack : 0.386
TNS   : 0.000

Type  : Slow 1200mV 85C Model Hold 's_currentState.start'
Slack : 4.865
TNS   : 0.000

Type  : Slow 1200mV 85C Model Minimum Pulse Width 'CLOCK_50'
Slack : -3.000
TNS   : -230.445

Type  : Slow 1200mV 85C Model Minimum Pulse Width 's_currentState.clear'
Slack : 0.441
TNS   : 0.000

Type  : Slow 1200mV 85C Model Minimum Pulse Width 's_currentState.start'
Slack : 0.453
TNS   : 0.000

Type  : Slow 1200mV 0C Model Setup 'CLOCK_50'
Slack : -40.980
TNS   : -2290.367

Type  : Slow 1200mV 0C Model Setup 's_currentState.start'
Slack : -7.373
TNS   : -7.373

Type  : Slow 1200mV 0C Model Setup 's_currentState.clear'
Slack : 1.041
TNS   : 0.000

Type  : Slow 1200mV 0C Model Hold 's_currentState.clear'
Slack : -1.447
TNS   : -1.447

Type  : Slow 1200mV 0C Model Hold 'CLOCK_50'
Slack : 0.339
TNS   : 0.000

Type  : Slow 1200mV 0C Model Hold 's_currentState.start'
Slack : 4.507
TNS   : 0.000

Type  : Slow 1200mV 0C Model Minimum Pulse Width 'CLOCK_50'
Slack : -3.000
TNS   : -230.445

Type  : Slow 1200mV 0C Model Minimum Pulse Width 's_currentState.clear'
Slack : 0.453
TNS   : 0.000

Type  : Slow 1200mV 0C Model Minimum Pulse Width 's_currentState.start'
Slack : 0.493
TNS   : 0.000

Type  : Fast 1200mV 0C Model Setup 'CLOCK_50'
Slack : -22.136
TNS   : -1192.863

Type  : Fast 1200mV 0C Model Setup 's_currentState.start'
Slack : -3.743
TNS   : -3.743

Type  : Fast 1200mV 0C Model Setup 's_currentState.clear'
Slack : 0.927
TNS   : 0.000

Type  : Fast 1200mV 0C Model Hold 's_currentState.clear'
Slack : -0.903
TNS   : -0.903

Type  : Fast 1200mV 0C Model Hold 'CLOCK_50'
Slack : 0.174
TNS   : 0.000

Type  : Fast 1200mV 0C Model Hold 's_currentState.start'
Slack : 2.673
TNS   : 0.000

Type  : Fast 1200mV 0C Model Minimum Pulse Width 'CLOCK_50'
Slack : -3.000
TNS   : -191.430

Type  : Fast 1200mV 0C Model Minimum Pulse Width 's_currentState.clear'
Slack : 0.345
TNS   : 0.000

Type  : Fast 1200mV 0C Model Minimum Pulse Width 's_currentState.start'
Slack : 0.426
TNS   : 0.000

------------------------------------------------------------
