Analysis & Synthesis report for cronometro
Tue Jun 22 11:31:30 2021
Quartus Prime Version 17.1.0 Build 590 10/25/2017 SJ Lite Edition


---------------------
; Table of Contents ;
---------------------
  1. Legal Notice
  2. Analysis & Synthesis Summary
  3. Analysis & Synthesis Settings
  4. Parallel Compilation
  5. Analysis & Synthesis Source Files Read
  6. Analysis & Synthesis Resource Usage Summary
  7. Analysis & Synthesis Resource Utilization by Entity
  8. State Machine - |ChronometerTop|s_currentState
  9. State Machine - |ChronometerTop|DisplayCntrl:DisplayCntrl|s_currentState
 10. Registers Removed During Synthesis
 11. General Register Statistics
 12. Multiplexer Restructuring Statistics (Restructuring Performed)
 13. Parameter Settings for User Entity Instance: ClkDividerN:clkDiv
 14. Parameter Settings for User Entity Instance: DebounceUnit:deb1
 15. Parameter Settings for User Entity Instance: DebounceUnit:deb2
 16. Parameter Settings for User Entity Instance: DebounceUnit:deb3
 17. Parameter Settings for User Entity Instance: SyncGen:SyncGen
 18. Parameter Settings for User Entity Instance: PCounter4:counter0
 19. Parameter Settings for User Entity Instance: PCounter4:counter1
 20. Parameter Settings for User Entity Instance: PCounter4:counter2
 21. Parameter Settings for User Entity Instance: PCounter4:counter3
 22. Parameter Settings for User Entity Instance: PCounter4:counter4
 23. Parameter Settings for User Entity Instance: PCounter4:counter5
 24. Parameter Settings for Inferred Entity Instance: SyncGen:SyncGen|lpm_divide:Mod1
 25. Parameter Settings for Inferred Entity Instance: SyncGen:SyncGen|lpm_divide:Mod0
 26. Port Connectivity Checks: "DisplayCntrl:DisplayCntrl"
 27. Port Connectivity Checks: "Mux:Mux"
 28. Port Connectivity Checks: "PCounter4:counter5"
 29. Post-Synthesis Netlist Statistics for Top Partition
 30. Elapsed Time Per Partition
 31. Analysis & Synthesis Messages



----------------
; Legal Notice ;
----------------
Copyright (C) 2017  Intel Corporation. All rights reserved.
Your use of Intel Corporation's design tools, logic functions 
and other software and tools, and its AMPP partner logic 
functions, and any output files from any of the foregoing 
(including device programming or simulation files), and any 
associated documentation or information are expressly subject 
to the terms and conditions of the Intel Program License 
Subscription Agreement, the Intel Quartus Prime License Agreement,
the Intel FPGA IP License Agreement, or other applicable license
agreement, including, without limitation, that your use is for
the sole purpose of programming logic devices manufactured by
Intel and sold by Intel or its authorized distributors.  Please
refer to the applicable agreement for further details.



+----------------------------------------------------------------------------------+
; Analysis & Synthesis Summary                                                     ;
+------------------------------------+---------------------------------------------+
; Analysis & Synthesis Status        ; Successful - Tue Jun 22 11:31:30 2021       ;
; Quartus Prime Version              ; 17.1.0 Build 590 10/25/2017 SJ Lite Edition ;
; Revision Name                      ; cronometro                                  ;
; Top-level Entity Name              ; ChronometerTop                              ;
; Family                             ; Cyclone IV E                                ;
; Total logic elements               ; 1,602                                       ;
;     Total combinational functions  ; 1,548                                       ;
;     Dedicated logic registers      ; 204                                         ;
; Total registers                    ; 204                                         ;
; Total pins                         ; 97                                          ;
; Total virtual pins                 ; 0                                           ;
; Total memory bits                  ; 0                                           ;
; Embedded Multiplier 9-bit elements ; 0                                           ;
; Total PLLs                         ; 0                                           ;
+------------------------------------+---------------------------------------------+


+----------------------------------------------------------------------------------------------------------------------+
; Analysis & Synthesis Settings                                                                                        ;
+----------------------------------------------------------------------------+--------------------+--------------------+
; Option                                                                     ; Setting            ; Default Value      ;
+----------------------------------------------------------------------------+--------------------+--------------------+
; Device                                                                     ; EP4CE115F29C7      ;                    ;
; Top-level entity name                                                      ; ChronometerTop     ; cronometro         ;
; Family name                                                                ; Cyclone IV E       ; Cyclone V          ;
; Use smart compilation                                                      ; Off                ; Off                ;
; Enable parallel Assembler and TimeQuest Timing Analyzer during compilation ; On                 ; On                 ;
; Enable compact report table                                                ; Off                ; Off                ;
; Restructure Multiplexers                                                   ; Auto               ; Auto               ;
; Create Debugging Nodes for IP Cores                                        ; Off                ; Off                ;
; Preserve fewer node names                                                  ; On                 ; On                 ;
; Intel FPGA IP Evaluation Mode                                              ; Enable             ; Enable             ;
; Verilog Version                                                            ; Verilog_2001       ; Verilog_2001       ;
; VHDL Version                                                               ; VHDL_1993          ; VHDL_1993          ;
; State Machine Processing                                                   ; Auto               ; Auto               ;
; Safe State Machine                                                         ; Off                ; Off                ;
; Extract Verilog State Machines                                             ; On                 ; On                 ;
; Extract VHDL State Machines                                                ; On                 ; On                 ;
; Ignore Verilog initial constructs                                          ; Off                ; Off                ;
; Iteration limit for constant Verilog loops                                 ; 5000               ; 5000               ;
; Iteration limit for non-constant Verilog loops                             ; 250                ; 250                ;
; Add Pass-Through Logic to Inferred RAMs                                    ; On                 ; On                 ;
; Infer RAMs from Raw Logic                                                  ; On                 ; On                 ;
; Parallel Synthesis                                                         ; On                 ; On                 ;
; DSP Block Balancing                                                        ; Auto               ; Auto               ;
; NOT Gate Push-Back                                                         ; On                 ; On                 ;
; Power-Up Don't Care                                                        ; On                 ; On                 ;
; Remove Redundant Logic Cells                                               ; Off                ; Off                ;
; Remove Duplicate Registers                                                 ; On                 ; On                 ;
; Ignore CARRY Buffers                                                       ; Off                ; Off                ;
; Ignore CASCADE Buffers                                                     ; Off                ; Off                ;
; Ignore GLOBAL Buffers                                                      ; Off                ; Off                ;
; Ignore ROW GLOBAL Buffers                                                  ; Off                ; Off                ;
; Ignore LCELL Buffers                                                       ; Off                ; Off                ;
; Ignore SOFT Buffers                                                        ; On                 ; On                 ;
; Limit AHDL Integers to 32 Bits                                             ; Off                ; Off                ;
; Optimization Technique                                                     ; Balanced           ; Balanced           ;
; Carry Chain Length                                                         ; 70                 ; 70                 ;
; Auto Carry Chains                                                          ; On                 ; On                 ;
; Auto Open-Drain Pins                                                       ; On                 ; On                 ;
; Perform WYSIWYG Primitive Resynthesis                                      ; Off                ; Off                ;
; Auto ROM Replacement                                                       ; On                 ; On                 ;
; Auto RAM Replacement                                                       ; On                 ; On                 ;
; Auto DSP Block Replacement                                                 ; On                 ; On                 ;
; Auto Shift Register Replacement                                            ; Auto               ; Auto               ;
; Allow Shift Register Merging across Hierarchies                            ; Auto               ; Auto               ;
; Auto Clock Enable Replacement                                              ; On                 ; On                 ;
; Strict RAM Replacement                                                     ; Off                ; Off                ;
; Allow Synchronous Control Signals                                          ; On                 ; On                 ;
; Force Use of Synchronous Clear Signals                                     ; Off                ; Off                ;
; Auto RAM Block Balancing                                                   ; On                 ; On                 ;
; Auto RAM to Logic Cell Conversion                                          ; Off                ; Off                ;
; Auto Resource Sharing                                                      ; Off                ; Off                ;
; Allow Any RAM Size For Recognition                                         ; Off                ; Off                ;
; Allow Any ROM Size For Recognition                                         ; Off                ; Off                ;
; Allow Any Shift Register Size For Recognition                              ; Off                ; Off                ;
; Use LogicLock Constraints during Resource Balancing                        ; On                 ; On                 ;
; Ignore translate_off and synthesis_off directives                          ; Off                ; Off                ;
; Timing-Driven Synthesis                                                    ; On                 ; On                 ;
; Report Parameter Settings                                                  ; On                 ; On                 ;
; Report Source Assignments                                                  ; On                 ; On                 ;
; Report Connectivity Checks                                                 ; On                 ; On                 ;
; Ignore Maximum Fan-Out Assignments                                         ; Off                ; Off                ;
; Synchronization Register Chain Length                                      ; 2                  ; 2                  ;
; Power Optimization During Synthesis                                        ; Normal compilation ; Normal compilation ;
; HDL message level                                                          ; Level2             ; Level2             ;
; Suppress Register Optimization Related Messages                            ; Off                ; Off                ;
; Number of Removed Registers Reported in Synthesis Report                   ; 5000               ; 5000               ;
; Number of Swept Nodes Reported in Synthesis Report                         ; 5000               ; 5000               ;
; Number of Inverted Registers Reported in Synthesis Report                  ; 100                ; 100                ;
; Clock MUX Protection                                                       ; On                 ; On                 ;
; Auto Gated Clock Conversion                                                ; Off                ; Off                ;
; Block Design Naming                                                        ; Auto               ; Auto               ;
; SDC constraint protection                                                  ; Off                ; Off                ;
; Synthesis Effort                                                           ; Auto               ; Auto               ;
; Shift Register Replacement - Allow Asynchronous Clear Signal               ; On                 ; On                 ;
; Pre-Mapping Resynthesis Optimization                                       ; Off                ; Off                ;
; Analysis & Synthesis Message Level                                         ; Medium             ; Medium             ;
; Disable Register Merging Across Hierarchies                                ; Auto               ; Auto               ;
; Resource Aware Inference For Block RAM                                     ; On                 ; On                 ;
+----------------------------------------------------------------------------+--------------------+--------------------+


+------------------------------------------+
; Parallel Compilation                     ;
+----------------------------+-------------+
; Processors                 ; Number      ;
+----------------------------+-------------+
; Number detected on machine ; 12          ;
; Maximum allowed            ; 6           ;
;                            ;             ;
; Average used               ; 1.00        ;
; Maximum used               ; 6           ;
;                            ;             ;
; Usage by Processor         ; % Time Used ;
;     Processor 1            ; 100.0%      ;
;     Processor 2            ;   0.0%      ;
;     Processor 3            ;   0.0%      ;
;     Processor 4            ;   0.0%      ;
;     Processor 5            ;   0.0%      ;
;     Processor 6            ;   0.0%      ;
+----------------------------+-------------+


+---------------------------------------------------------------------------------------------------------------------------------------------------------------------------------------------------+
; Analysis & Synthesis Source Files Read                                                                                                                                                            ;
+----------------------------------+-----------------+------------------------------+-----------------------------------------------------------------------------------------------------+---------+
; File Name with User-Entered Path ; Used in Netlist ; File Type                    ; File Name with Absolute Path                                                                        ; Library ;
+----------------------------------+-----------------+------------------------------+-----------------------------------------------------------------------------------------------------+---------+
; PCounter4.vhd                    ; yes             ; User VHDL File               ; C:/Users/gonca/OneDrive/Documents/Repositorios/LSD_ProjFinal/project_2_1/PCounter4.vhd              ;         ;
; Mux.vhd                          ; yes             ; User VHDL File               ; C:/Users/gonca/OneDrive/Documents/Repositorios/LSD_ProjFinal/project_2_1/Mux.vhd                    ;         ;
; Bin7SegDecoder.vhd               ; yes             ; User VHDL File               ; C:/Users/gonca/OneDrive/Documents/Repositorios/LSD_ProjFinal/project_2_1/Bin7SegDecoder.vhd         ;         ;
; DebounceUnit.vhd                 ; yes             ; User VHDL File               ; C:/Users/gonca/OneDrive/Documents/Repositorios/LSD_ProjFinal/project_2_1/DebounceUnit.vhd           ;         ;
; ChronometerTop.vhd               ; yes             ; User VHDL File               ; C:/Users/gonca/OneDrive/Documents/Repositorios/LSD_ProjFinal/project_2_1/ChronometerTop.vhd         ;         ;
; DisplayCntrl.vhd                 ; yes             ; User VHDL File               ; C:/Users/gonca/OneDrive/Documents/Repositorios/LSD_ProjFinal/project_2_1/DisplayCntrl.vhd           ;         ;
; ClkDividerN.vhd                  ; yes             ; User VHDL File               ; C:/Users/gonca/OneDrive/Documents/Repositorios/LSD_ProjFinal/project_2_1/ClkDividerN.vhd            ;         ;
; Reg.vhd                          ; yes             ; User VHDL File               ; C:/Users/gonca/OneDrive/Documents/Repositorios/LSD_ProjFinal/project_2_1/Reg.vhd                    ;         ;
; SyncGen.vhd                      ; yes             ; User VHDL File               ; C:/Users/gonca/OneDrive/Documents/Repositorios/LSD_ProjFinal/project_2_1/SyncGen.vhd                ;         ;
; lpm_divide.tdf                   ; yes             ; Megafunction                 ; c:/intelfpga_lite/17.1/quartus/libraries/megafunctions/lpm_divide.tdf                               ;         ;
; abs_divider.inc                  ; yes             ; Megafunction                 ; c:/intelfpga_lite/17.1/quartus/libraries/megafunctions/abs_divider.inc                              ;         ;
; sign_div_unsign.inc              ; yes             ; Megafunction                 ; c:/intelfpga_lite/17.1/quartus/libraries/megafunctions/sign_div_unsign.inc                          ;         ;
; aglobal171.inc                   ; yes             ; Megafunction                 ; c:/intelfpga_lite/17.1/quartus/libraries/megafunctions/aglobal171.inc                               ;         ;
; db/lpm_divide_qcm.tdf            ; yes             ; Auto-Generated Megafunction  ; C:/Users/gonca/OneDrive/Documents/Repositorios/LSD_ProjFinal/project_2_1/db/lpm_divide_qcm.tdf      ;         ;
; db/sign_div_unsign_fnh.tdf       ; yes             ; Auto-Generated Megafunction  ; C:/Users/gonca/OneDrive/Documents/Repositorios/LSD_ProjFinal/project_2_1/db/sign_div_unsign_fnh.tdf ;         ;
; db/alt_u_div_iaf.tdf             ; yes             ; Auto-Generated Megafunction  ; C:/Users/gonca/OneDrive/Documents/Repositorios/LSD_ProjFinal/project_2_1/db/alt_u_div_iaf.tdf       ;         ;
; db/add_sub_7pc.tdf               ; yes             ; Auto-Generated Megafunction  ; C:/Users/gonca/OneDrive/Documents/Repositorios/LSD_ProjFinal/project_2_1/db/add_sub_7pc.tdf         ;         ;
; db/add_sub_8pc.tdf               ; yes             ; Auto-Generated Megafunction  ; C:/Users/gonca/OneDrive/Documents/Repositorios/LSD_ProjFinal/project_2_1/db/add_sub_8pc.tdf         ;         ;
+----------------------------------+-----------------+------------------------------+-----------------------------------------------------------------------------------------------------+---------+


+--------------------------------------------------------------+
; Analysis & Synthesis Resource Usage Summary                  ;
+---------------------------------------------+----------------+
; Resource                                    ; Usage          ;
+---------------------------------------------+----------------+
; Estimated Total logic elements              ; 1,602          ;
;                                             ;                ;
; Total combinational functions               ; 1548           ;
; Logic element usage by number of LUT inputs ;                ;
;     -- 4 input functions                    ; 475            ;
;     -- 3 input functions                    ; 395            ;
;     -- <=2 input functions                  ; 678            ;
;                                             ;                ;
; Logic elements by mode                      ;                ;
;     -- normal mode                          ; 1112           ;
;     -- arithmetic mode                      ; 436            ;
;                                             ;                ;
; Total registers                             ; 204            ;
;     -- Dedicated logic registers            ; 204            ;
;     -- I/O registers                        ; 0              ;
;                                             ;                ;
; I/O pins                                    ; 97             ;
;                                             ;                ;
; Embedded Multiplier 9-bit elements          ; 0              ;
;                                             ;                ;
; Maximum fan-out node                        ; CLOCK_50~input ;
; Maximum fan-out                             ; 204            ;
; Total fan-out                               ; 5141           ;
; Average fan-out                             ; 2.64           ;
+---------------------------------------------+----------------+


+---------------------------------------------------------------------------------------------------------------------------------------------------------------------------------------------------------------------------------------------------------------------------------------------------------------------------------------------+
; Analysis & Synthesis Resource Utilization by Entity                                                                                                                                                                                                                                                                                         ;
+-------------------------------------------+---------------------+---------------------------+-------------+--------------+---------+-----------+------+--------------+---------------------------------------------------------------------------------------------------------------------------------+---------------------+--------------+
; Compilation Hierarchy Node                ; Combinational ALUTs ; Dedicated Logic Registers ; Memory Bits ; DSP Elements ; DSP 9x9 ; DSP 18x18 ; Pins ; Virtual Pins ; Full Hierarchy Name                                                                                                             ; Entity Name         ; Library Name ;
+-------------------------------------------+---------------------+---------------------------+-------------+--------------+---------+-----------+------+--------------+---------------------------------------------------------------------------------------------------------------------------------+---------------------+--------------+
; |ChronometerTop                           ; 1548 (22)           ; 204 (5)                   ; 0           ; 0            ; 0       ; 0         ; 97   ; 0            ; |ChronometerTop                                                                                                                 ; ChronometerTop      ; work         ;
;    |Bin7SegDecoder:segDecoder|            ; 7 (7)               ; 0 (0)                     ; 0           ; 0            ; 0       ; 0         ; 0    ; 0            ; |ChronometerTop|Bin7SegDecoder:segDecoder                                                                                       ; Bin7SegDecoder      ; work         ;
;    |ClkDividerN:clkDiv|                   ; 40 (40)             ; 27 (27)                   ; 0           ; 0            ; 0       ; 0         ; 0    ; 0            ; |ChronometerTop|ClkDividerN:clkDiv                                                                                              ; ClkDividerN         ; work         ;
;    |DebounceUnit:deb1|                    ; 68 (68)             ; 26 (26)                   ; 0           ; 0            ; 0       ; 0         ; 0    ; 0            ; |ChronometerTop|DebounceUnit:deb1                                                                                               ; DebounceUnit        ; work         ;
;    |DebounceUnit:deb2|                    ; 66 (66)             ; 26 (26)                   ; 0           ; 0            ; 0       ; 0         ; 0    ; 0            ; |ChronometerTop|DebounceUnit:deb2                                                                                               ; DebounceUnit        ; work         ;
;    |DebounceUnit:deb3|                    ; 67 (67)             ; 26 (26)                   ; 0           ; 0            ; 0       ; 0         ; 0    ; 0            ; |ChronometerTop|DebounceUnit:deb3                                                                                               ; DebounceUnit        ; work         ;
;    |DisplayCntrl:DisplayCntrl|            ; 14 (14)             ; 9 (9)                     ; 0           ; 0            ; 0       ; 0         ; 0    ; 0            ; |ChronometerTop|DisplayCntrl:DisplayCntrl                                                                                       ; DisplayCntrl        ; work         ;
;    |Mux:Mux|                              ; 21 (21)             ; 0 (0)                     ; 0           ; 0            ; 0       ; 0         ; 0    ; 0            ; |ChronometerTop|Mux:Mux                                                                                                         ; Mux                 ; work         ;
;    |PCounter4:counter0|                   ; 41 (41)             ; 5 (5)                     ; 0           ; 0            ; 0       ; 0         ; 0    ; 0            ; |ChronometerTop|PCounter4:counter0                                                                                              ; PCounter4           ; work         ;
;    |PCounter4:counter1|                   ; 12 (12)             ; 5 (5)                     ; 0           ; 0            ; 0       ; 0         ; 0    ; 0            ; |ChronometerTop|PCounter4:counter1                                                                                              ; PCounter4           ; work         ;
;    |PCounter4:counter2|                   ; 12 (12)             ; 5 (5)                     ; 0           ; 0            ; 0       ; 0         ; 0    ; 0            ; |ChronometerTop|PCounter4:counter2                                                                                              ; PCounter4           ; work         ;
;    |PCounter4:counter3|                   ; 12 (12)             ; 5 (5)                     ; 0           ; 0            ; 0       ; 0         ; 0    ; 0            ; |ChronometerTop|PCounter4:counter3                                                                                              ; PCounter4           ; work         ;
;    |PCounter4:counter4|                   ; 12 (12)             ; 5 (5)                     ; 0           ; 0            ; 0       ; 0         ; 0    ; 0            ; |ChronometerTop|PCounter4:counter4                                                                                              ; PCounter4           ; work         ;
;    |PCounter4:counter5|                   ; 12 (12)             ; 4 (4)                     ; 0           ; 0            ; 0       ; 0         ; 0    ; 0            ; |ChronometerTop|PCounter4:counter5                                                                                              ; PCounter4           ; work         ;
;    |Reg:reg1|                             ; 13 (13)             ; 7 (7)                     ; 0           ; 0            ; 0       ; 0         ; 0    ; 0            ; |ChronometerTop|Reg:reg1                                                                                                        ; Reg                 ; work         ;
;    |Reg:reg2|                             ; 0 (0)               ; 7 (7)                     ; 0           ; 0            ; 0       ; 0         ; 0    ; 0            ; |ChronometerTop|Reg:reg2                                                                                                        ; Reg                 ; work         ;
;    |Reg:reg3|                             ; 0 (0)               ; 7 (7)                     ; 0           ; 0            ; 0       ; 0         ; 0    ; 0            ; |ChronometerTop|Reg:reg3                                                                                                        ; Reg                 ; work         ;
;    |Reg:reg4|                             ; 0 (0)               ; 7 (7)                     ; 0           ; 0            ; 0       ; 0         ; 0    ; 0            ; |ChronometerTop|Reg:reg4                                                                                                        ; Reg                 ; work         ;
;    |Reg:reg5|                             ; 0 (0)               ; 7 (7)                     ; 0           ; 0            ; 0       ; 0         ; 0    ; 0            ; |ChronometerTop|Reg:reg5                                                                                                        ; Reg                 ; work         ;
;    |Reg:reg6|                             ; 0 (0)               ; 7 (7)                     ; 0           ; 0            ; 0       ; 0         ; 0    ; 0            ; |ChronometerTop|Reg:reg6                                                                                                        ; Reg                 ; work         ;
;    |Reg:reg7|                             ; 0 (0)               ; 7 (7)                     ; 0           ; 0            ; 0       ; 0         ; 0    ; 0            ; |ChronometerTop|Reg:reg7                                                                                                        ; Reg                 ; work         ;
;    |Reg:reg8|                             ; 0 (0)               ; 7 (7)                     ; 0           ; 0            ; 0       ; 0         ; 0    ; 0            ; |ChronometerTop|Reg:reg8                                                                                                        ; Reg                 ; work         ;
;    |SyncGen:SyncGen|                      ; 1129 (34)           ; 0 (0)                     ; 0           ; 0            ; 0       ; 0         ; 0    ; 0            ; |ChronometerTop|SyncGen:SyncGen                                                                                                 ; SyncGen             ; work         ;
;       |lpm_divide:Mod0|                   ; 484 (0)             ; 0 (0)                     ; 0           ; 0            ; 0       ; 0         ; 0    ; 0            ; |ChronometerTop|SyncGen:SyncGen|lpm_divide:Mod0                                                                                 ; lpm_divide          ; work         ;
;          |lpm_divide_qcm:auto_generated|  ; 484 (0)             ; 0 (0)                     ; 0           ; 0            ; 0       ; 0         ; 0    ; 0            ; |ChronometerTop|SyncGen:SyncGen|lpm_divide:Mod0|lpm_divide_qcm:auto_generated                                                   ; lpm_divide_qcm      ; work         ;
;             |sign_div_unsign_fnh:divider| ; 484 (0)             ; 0 (0)                     ; 0           ; 0            ; 0       ; 0         ; 0    ; 0            ; |ChronometerTop|SyncGen:SyncGen|lpm_divide:Mod0|lpm_divide_qcm:auto_generated|sign_div_unsign_fnh:divider                       ; sign_div_unsign_fnh ; work         ;
;                |alt_u_div_iaf:divider|    ; 484 (484)           ; 0 (0)                     ; 0           ; 0            ; 0       ; 0         ; 0    ; 0            ; |ChronometerTop|SyncGen:SyncGen|lpm_divide:Mod0|lpm_divide_qcm:auto_generated|sign_div_unsign_fnh:divider|alt_u_div_iaf:divider ; alt_u_div_iaf       ; work         ;
;       |lpm_divide:Mod1|                   ; 611 (0)             ; 0 (0)                     ; 0           ; 0            ; 0       ; 0         ; 0    ; 0            ; |ChronometerTop|SyncGen:SyncGen|lpm_divide:Mod1                                                                                 ; lpm_divide          ; work         ;
;          |lpm_divide_qcm:auto_generated|  ; 611 (0)             ; 0 (0)                     ; 0           ; 0            ; 0       ; 0         ; 0    ; 0            ; |ChronometerTop|SyncGen:SyncGen|lpm_divide:Mod1|lpm_divide_qcm:auto_generated                                                   ; lpm_divide_qcm      ; work         ;
;             |sign_div_unsign_fnh:divider| ; 611 (0)             ; 0 (0)                     ; 0           ; 0            ; 0       ; 0         ; 0    ; 0            ; |ChronometerTop|SyncGen:SyncGen|lpm_divide:Mod1|lpm_divide_qcm:auto_generated|sign_div_unsign_fnh:divider                       ; sign_div_unsign_fnh ; work         ;
;                |alt_u_div_iaf:divider|    ; 611 (611)           ; 0 (0)                     ; 0           ; 0            ; 0       ; 0         ; 0    ; 0            ; |ChronometerTop|SyncGen:SyncGen|lpm_divide:Mod1|lpm_divide_qcm:auto_generated|sign_div_unsign_fnh:divider|alt_u_div_iaf:divider ; alt_u_div_iaf       ; work         ;
+-------------------------------------------+---------------------+---------------------------+-------------+--------------+---------+-----------+------+--------------+---------------------------------------------------------------------------------------------------------------------------------+---------------------+--------------+
Note: For table entries with two numbers listed, the numbers in parentheses indicate the number of resources of the given type used by the specific entity alone. The numbers listed outside of parentheses indicate the total resources of the given type used by the specific entity and all of its sub-entities in the hierarchy.


Encoding Type:  One-Hot
+-------------------------------------------------------------------------------------------------------------------------------+
; State Machine - |ChronometerTop|s_currentState                                                                                ;
+---------------------------+---------------------------+--------------------------+----------------------+---------------------+
; Name                      ; s_currentState.clearStart ; s_currentState.clearStop ; s_currentState.start ; s_currentState.stop ;
+---------------------------+---------------------------+--------------------------+----------------------+---------------------+
; s_currentState.stop       ; 0                         ; 0                        ; 0                    ; 0                   ;
; s_currentState.start      ; 0                         ; 0                        ; 1                    ; 1                   ;
; s_currentState.clearStop  ; 0                         ; 1                        ; 0                    ; 1                   ;
; s_currentState.clearStart ; 1                         ; 0                        ; 0                    ; 1                   ;
+---------------------------+---------------------------+--------------------------+----------------------+---------------------+


Encoding Type:  One-Hot
+-----------------------------------------------------------------------------------------------------------------------------------------------------------------------------------------------------------+
; State Machine - |ChronometerTop|DisplayCntrl:DisplayCntrl|s_currentState                                                                                                                                  ;
+---------------------+-------------------+-------------------+-------------------+-------------------+-------------------+-------------------+-------------------+-------------------+---------------------+
; Name                ; s_currentState.E8 ; s_currentState.E7 ; s_currentState.E6 ; s_currentState.E5 ; s_currentState.E4 ; s_currentState.E3 ; s_currentState.E2 ; s_currentState.E1 ; s_currentState.INIT ;
+---------------------+-------------------+-------------------+-------------------+-------------------+-------------------+-------------------+-------------------+-------------------+---------------------+
; s_currentState.INIT ; 0                 ; 0                 ; 0                 ; 0                 ; 0                 ; 0                 ; 0                 ; 0                 ; 0                   ;
; s_currentState.E1   ; 0                 ; 0                 ; 0                 ; 0                 ; 0                 ; 0                 ; 0                 ; 1                 ; 1                   ;
; s_currentState.E2   ; 0                 ; 0                 ; 0                 ; 0                 ; 0                 ; 0                 ; 1                 ; 0                 ; 1                   ;
; s_currentState.E3   ; 0                 ; 0                 ; 0                 ; 0                 ; 0                 ; 1                 ; 0                 ; 0                 ; 1                   ;
; s_currentState.E4   ; 0                 ; 0                 ; 0                 ; 0                 ; 1                 ; 0                 ; 0                 ; 0                 ; 1                   ;
; s_currentState.E5   ; 0                 ; 0                 ; 0                 ; 1                 ; 0                 ; 0                 ; 0                 ; 0                 ; 1                   ;
; s_currentState.E6   ; 0                 ; 0                 ; 1                 ; 0                 ; 0                 ; 0                 ; 0                 ; 0                 ; 1                   ;
; s_currentState.E7   ; 0                 ; 1                 ; 0                 ; 0                 ; 0                 ; 0                 ; 0                 ; 0                 ; 1                   ;
; s_currentState.E8   ; 1                 ; 0                 ; 0                 ; 0                 ; 0                 ; 0                 ; 0                 ; 0                 ; 1                   ;
+---------------------+-------------------+-------------------+-------------------+-------------------+-------------------+-------------------+-------------------+-------------------+---------------------+


+------------------------------------------------------------------------------------------+
; Registers Removed During Synthesis                                                       ;
+----------------------------------------+-------------------------------------------------+
; Register name                          ; Reason for Removal                              ;
+----------------------------------------+-------------------------------------------------+
; SyncGen:SyncGen|s_counter[25]          ; Merged with ClkDividerN:clkDiv|s_divCounter[25] ;
; SyncGen:SyncGen|s_counter[24]          ; Merged with ClkDividerN:clkDiv|s_divCounter[24] ;
; SyncGen:SyncGen|s_counter[23]          ; Merged with ClkDividerN:clkDiv|s_divCounter[23] ;
; SyncGen:SyncGen|s_counter[22]          ; Merged with ClkDividerN:clkDiv|s_divCounter[22] ;
; SyncGen:SyncGen|s_counter[21]          ; Merged with ClkDividerN:clkDiv|s_divCounter[21] ;
; SyncGen:SyncGen|s_counter[20]          ; Merged with ClkDividerN:clkDiv|s_divCounter[20] ;
; SyncGen:SyncGen|s_counter[19]          ; Merged with ClkDividerN:clkDiv|s_divCounter[19] ;
; SyncGen:SyncGen|s_counter[18]          ; Merged with ClkDividerN:clkDiv|s_divCounter[18] ;
; SyncGen:SyncGen|s_counter[17]          ; Merged with ClkDividerN:clkDiv|s_divCounter[17] ;
; SyncGen:SyncGen|s_counter[16]          ; Merged with ClkDividerN:clkDiv|s_divCounter[16] ;
; SyncGen:SyncGen|s_counter[15]          ; Merged with ClkDividerN:clkDiv|s_divCounter[15] ;
; SyncGen:SyncGen|s_counter[14]          ; Merged with ClkDividerN:clkDiv|s_divCounter[14] ;
; SyncGen:SyncGen|s_counter[13]          ; Merged with ClkDividerN:clkDiv|s_divCounter[13] ;
; SyncGen:SyncGen|s_counter[12]          ; Merged with ClkDividerN:clkDiv|s_divCounter[12] ;
; SyncGen:SyncGen|s_counter[11]          ; Merged with ClkDividerN:clkDiv|s_divCounter[11] ;
; SyncGen:SyncGen|s_counter[10]          ; Merged with ClkDividerN:clkDiv|s_divCounter[10] ;
; SyncGen:SyncGen|s_counter[9]           ; Merged with ClkDividerN:clkDiv|s_divCounter[9]  ;
; SyncGen:SyncGen|s_counter[8]           ; Merged with ClkDividerN:clkDiv|s_divCounter[8]  ;
; SyncGen:SyncGen|s_counter[7]           ; Merged with ClkDividerN:clkDiv|s_divCounter[7]  ;
; SyncGen:SyncGen|s_counter[6]           ; Merged with ClkDividerN:clkDiv|s_divCounter[6]  ;
; SyncGen:SyncGen|s_counter[5]           ; Merged with ClkDividerN:clkDiv|s_divCounter[5]  ;
; SyncGen:SyncGen|s_counter[4]           ; Merged with ClkDividerN:clkDiv|s_divCounter[4]  ;
; SyncGen:SyncGen|s_counter[3]           ; Merged with ClkDividerN:clkDiv|s_divCounter[3]  ;
; SyncGen:SyncGen|s_counter[2]           ; Merged with ClkDividerN:clkDiv|s_divCounter[2]  ;
; SyncGen:SyncGen|s_counter[1]           ; Merged with ClkDividerN:clkDiv|s_divCounter[1]  ;
; SyncGen:SyncGen|s_counter[0]           ; Merged with ClkDividerN:clkDiv|s_divCounter[0]  ;
; Total Number of Removed Registers = 26 ;                                                 ;
+----------------------------------------+-------------------------------------------------+


+------------------------------------------------------+
; General Register Statistics                          ;
+----------------------------------------------+-------+
; Statistic                                    ; Value ;
+----------------------------------------------+-------+
; Total registers                              ; 204   ;
; Number of registers using Synchronous Clear  ; 45    ;
; Number of registers using Synchronous Load   ; 0     ;
; Number of registers using Asynchronous Clear ; 0     ;
; Number of registers using Asynchronous Load  ; 0     ;
; Number of registers using Clock Enable       ; 142   ;
; Number of registers using Preset             ; 0     ;
+----------------------------------------------+-------+


+------------------------------------------------------------------------------------------------------------------------------------------------------------------------+
; Multiplexer Restructuring Statistics (Restructuring Performed)                                                                                                         ;
+--------------------+-----------+---------------+----------------------+------------------------+------------+----------------------------------------------------------+
; Multiplexer Inputs ; Bus Width ; Baseline Area ; Area if Restructured ; Saving if Restructured ; Registered ; Example Multiplexer Output                               ;
+--------------------+-----------+---------------+----------------------+------------------------+------------+----------------------------------------------------------+
; 4:1                ; 2 bits    ; 4 LEs         ; 2 LEs                ; 2 LEs                  ; Yes        ; |ChronometerTop|PCounter4:counter5|s_count[1]            ;
; 4:1                ; 2 bits    ; 4 LEs         ; 4 LEs                ; 0 LEs                  ; Yes        ; |ChronometerTop|PCounter4:counter5|s_count[0]            ;
; 4:1                ; 2 bits    ; 4 LEs         ; 2 LEs                ; 2 LEs                  ; Yes        ; |ChronometerTop|PCounter4:counter0|s_count[1]            ;
; 4:1                ; 2 bits    ; 4 LEs         ; 4 LEs                ; 0 LEs                  ; Yes        ; |ChronometerTop|PCounter4:counter0|s_count[0]            ;
; 4:1                ; 2 bits    ; 4 LEs         ; 2 LEs                ; 2 LEs                  ; Yes        ; |ChronometerTop|PCounter4:counter1|s_count[1]            ;
; 4:1                ; 2 bits    ; 4 LEs         ; 4 LEs                ; 0 LEs                  ; Yes        ; |ChronometerTop|PCounter4:counter1|s_count[0]            ;
; 4:1                ; 2 bits    ; 4 LEs         ; 2 LEs                ; 2 LEs                  ; Yes        ; |ChronometerTop|PCounter4:counter2|s_count[1]            ;
; 4:1                ; 2 bits    ; 4 LEs         ; 4 LEs                ; 0 LEs                  ; Yes        ; |ChronometerTop|PCounter4:counter2|s_count[0]            ;
; 4:1                ; 2 bits    ; 4 LEs         ; 2 LEs                ; 2 LEs                  ; Yes        ; |ChronometerTop|PCounter4:counter3|s_count[1]            ;
; 4:1                ; 2 bits    ; 4 LEs         ; 4 LEs                ; 0 LEs                  ; Yes        ; |ChronometerTop|PCounter4:counter3|s_count[0]            ;
; 4:1                ; 2 bits    ; 4 LEs         ; 2 LEs                ; 2 LEs                  ; Yes        ; |ChronometerTop|PCounter4:counter4|s_count[1]            ;
; 4:1                ; 2 bits    ; 4 LEs         ; 4 LEs                ; 0 LEs                  ; Yes        ; |ChronometerTop|PCounter4:counter4|s_count[3]            ;
; 5:1                ; 23 bits   ; 69 LEs        ; 46 LEs               ; 23 LEs                 ; Yes        ; |ChronometerTop|DebounceUnit:deb1|s_debounceCnt[8]       ;
; 5:1                ; 23 bits   ; 69 LEs        ; 46 LEs               ; 23 LEs                 ; Yes        ; |ChronometerTop|DebounceUnit:deb2|s_debounceCnt[5]       ;
; 5:1                ; 23 bits   ; 69 LEs        ; 46 LEs               ; 23 LEs                 ; Yes        ; |ChronometerTop|DebounceUnit:deb3|s_debounceCnt[4]       ;
; 4:1                ; 8 bits    ; 16 LEs        ; 16 LEs               ; 0 LEs                  ; No         ; |ChronometerTop|DisplayCntrl:DisplayCntrl|s_currentState ;
; 17:1               ; 2 bits    ; 22 LEs        ; 16 LEs               ; 6 LEs                  ; No         ; |ChronometerTop|Reg:reg1|dataOut                         ;
+--------------------+-----------+---------------+----------------------+------------------------+------------+----------------------------------------------------------+


+-----------------------------------------------------------------+
; Parameter Settings for User Entity Instance: ClkDividerN:clkDiv ;
+----------------+----------+-------------------------------------+
; Parameter Name ; Value    ; Type                                ;
+----------------+----------+-------------------------------------+
; divfactor      ; 50000000 ; Signed Integer                      ;
+----------------+----------+-------------------------------------+
Note: In order to hide this table in the UI and the text report file, please set the "Show Parameter Settings in Synthesis Report" option in "Analysis and Synthesis Settings -> More Settings" to "Off".


+----------------------------------------------------------------+
; Parameter Settings for User Entity Instance: DebounceUnit:deb1 ;
+----------------+-------+---------------------------------------+
; Parameter Name ; Value ; Type                                  ;
+----------------+-------+---------------------------------------+
; khzclkfreq     ; 50000 ; Signed Integer                        ;
; msecmininwidth ; 100   ; Signed Integer                        ;
; inpolarity     ; '0'   ; Enumerated                            ;
; outpolarity    ; '1'   ; Enumerated                            ;
+----------------+-------+---------------------------------------+
Note: In order to hide this table in the UI and the text report file, please set the "Show Parameter Settings in Synthesis Report" option in "Analysis and Synthesis Settings -> More Settings" to "Off".


+----------------------------------------------------------------+
; Parameter Settings for User Entity Instance: DebounceUnit:deb2 ;
+----------------+-------+---------------------------------------+
; Parameter Name ; Value ; Type                                  ;
+----------------+-------+---------------------------------------+
; khzclkfreq     ; 50000 ; Signed Integer                        ;
; msecmininwidth ; 100   ; Signed Integer                        ;
; inpolarity     ; '1'   ; Enumerated                            ;
; outpolarity    ; '1'   ; Enumerated                            ;
+----------------+-------+---------------------------------------+
Note: In order to hide this table in the UI and the text report file, please set the "Show Parameter Settings in Synthesis Report" option in "Analysis and Synthesis Settings -> More Settings" to "Off".


+----------------------------------------------------------------+
; Parameter Settings for User Entity Instance: DebounceUnit:deb3 ;
+----------------+-------+---------------------------------------+
; Parameter Name ; Value ; Type                                  ;
+----------------+-------+---------------------------------------+
; khzclkfreq     ; 50000 ; Signed Integer                        ;
; msecmininwidth ; 100   ; Signed Integer                        ;
; inpolarity     ; '1'   ; Enumerated                            ;
; outpolarity    ; '1'   ; Enumerated                            ;
+----------------+-------+---------------------------------------+
Note: In order to hide this table in the UI and the text report file, please set the "Show Parameter Settings in Synthesis Report" option in "Analysis and Synthesis Settings -> More Settings" to "Off".


+--------------------------------------------------------------+
; Parameter Settings for User Entity Instance: SyncGen:SyncGen ;
+----------------+----------+----------------------------------+
; Parameter Name ; Value    ; Type                             ;
+----------------+----------+----------------------------------+
; numbersteps    ; 50000000 ; Signed Integer                   ;
; out0compval    ; 500000   ; Signed Integer                   ;
; out1compval    ; 50000    ; Signed Integer                   ;
+----------------+----------+----------------------------------+
Note: In order to hide this table in the UI and the text report file, please set the "Show Parameter Settings in Synthesis Report" option in "Analysis and Synthesis Settings -> More Settings" to "Off".


+-----------------------------------------------------------------+
; Parameter Settings for User Entity Instance: PCounter4:counter0 ;
+----------------+-------+----------------------------------------+
; Parameter Name ; Value ; Type                                   ;
+----------------+-------+----------------------------------------+
; max            ; 9     ; Signed Integer                         ;
; min            ; 0     ; Signed Integer                         ;
+----------------+-------+----------------------------------------+
Note: In order to hide this table in the UI and the text report file, please set the "Show Parameter Settings in Synthesis Report" option in "Analysis and Synthesis Settings -> More Settings" to "Off".


+-----------------------------------------------------------------+
; Parameter Settings for User Entity Instance: PCounter4:counter1 ;
+----------------+-------+----------------------------------------+
; Parameter Name ; Value ; Type                                   ;
+----------------+-------+----------------------------------------+
; max            ; 9     ; Signed Integer                         ;
; min            ; 0     ; Signed Integer                         ;
+----------------+-------+----------------------------------------+
Note: In order to hide this table in the UI and the text report file, please set the "Show Parameter Settings in Synthesis Report" option in "Analysis and Synthesis Settings -> More Settings" to "Off".


+-----------------------------------------------------------------+
; Parameter Settings for User Entity Instance: PCounter4:counter2 ;
+----------------+-------+----------------------------------------+
; Parameter Name ; Value ; Type                                   ;
+----------------+-------+----------------------------------------+
; max            ; 9     ; Signed Integer                         ;
; min            ; 0     ; Signed Integer                         ;
+----------------+-------+----------------------------------------+
Note: In order to hide this table in the UI and the text report file, please set the "Show Parameter Settings in Synthesis Report" option in "Analysis and Synthesis Settings -> More Settings" to "Off".


+-----------------------------------------------------------------+
; Parameter Settings for User Entity Instance: PCounter4:counter3 ;
+----------------+-------+----------------------------------------+
; Parameter Name ; Value ; Type                                   ;
+----------------+-------+----------------------------------------+
; max            ; 5     ; Signed Integer                         ;
; min            ; 0     ; Signed Integer                         ;
+----------------+-------+----------------------------------------+
Note: In order to hide this table in the UI and the text report file, please set the "Show Parameter Settings in Synthesis Report" option in "Analysis and Synthesis Settings -> More Settings" to "Off".


+-----------------------------------------------------------------+
; Parameter Settings for User Entity Instance: PCounter4:counter4 ;
+----------------+-------+----------------------------------------+
; Parameter Name ; Value ; Type                                   ;
+----------------+-------+----------------------------------------+
; max            ; 9     ; Signed Integer                         ;
; min            ; 0     ; Signed Integer                         ;
+----------------+-------+----------------------------------------+
Note: In order to hide this table in the UI and the text report file, please set the "Show Parameter Settings in Synthesis Report" option in "Analysis and Synthesis Settings -> More Settings" to "Off".


+-----------------------------------------------------------------+
; Parameter Settings for User Entity Instance: PCounter4:counter5 ;
+----------------+-------+----------------------------------------+
; Parameter Name ; Value ; Type                                   ;
+----------------+-------+----------------------------------------+
; max            ; 5     ; Signed Integer                         ;
; min            ; 0     ; Signed Integer                         ;
+----------------+-------+----------------------------------------+
Note: In order to hide this table in the UI and the text report file, please set the "Show Parameter Settings in Synthesis Report" option in "Analysis and Synthesis Settings -> More Settings" to "Off".


+----------------------------------------------------------------------------------+
; Parameter Settings for Inferred Entity Instance: SyncGen:SyncGen|lpm_divide:Mod1 ;
+------------------------+----------------+----------------------------------------+
; Parameter Name         ; Value          ; Type                                   ;
+------------------------+----------------+----------------------------------------+
; LPM_WIDTHN             ; 26             ; Untyped                                ;
; LPM_WIDTHD             ; 26             ; Untyped                                ;
; LPM_NREPRESENTATION    ; UNSIGNED       ; Untyped                                ;
; LPM_DREPRESENTATION    ; UNSIGNED       ; Untyped                                ;
; LPM_PIPELINE           ; 0              ; Untyped                                ;
; LPM_REMAINDERPOSITIVE  ; TRUE           ; Untyped                                ;
; MAXIMIZE_SPEED         ; 5              ; Untyped                                ;
; CBXI_PARAMETER         ; lpm_divide_qcm ; Untyped                                ;
; CARRY_CHAIN            ; MANUAL         ; Untyped                                ;
; OPTIMIZE_FOR_SPEED     ; 5              ; Untyped                                ;
; AUTO_CARRY_CHAINS      ; ON             ; AUTO_CARRY                             ;
; IGNORE_CARRY_BUFFERS   ; OFF            ; IGNORE_CARRY                           ;
; AUTO_CASCADE_CHAINS    ; ON             ; AUTO_CASCADE                           ;
; IGNORE_CASCADE_BUFFERS ; OFF            ; IGNORE_CASCADE                         ;
+------------------------+----------------+----------------------------------------+
Note: In order to hide this table in the UI and the text report file, please set the "Show Parameter Settings in Synthesis Report" option in "Analysis and Synthesis Settings -> More Settings" to "Off".


+----------------------------------------------------------------------------------+
; Parameter Settings for Inferred Entity Instance: SyncGen:SyncGen|lpm_divide:Mod0 ;
+------------------------+----------------+----------------------------------------+
; Parameter Name         ; Value          ; Type                                   ;
+------------------------+----------------+----------------------------------------+
; LPM_WIDTHN             ; 26             ; Untyped                                ;
; LPM_WIDTHD             ; 26             ; Untyped                                ;
; LPM_NREPRESENTATION    ; UNSIGNED       ; Untyped                                ;
; LPM_DREPRESENTATION    ; UNSIGNED       ; Untyped                                ;
; LPM_PIPELINE           ; 0              ; Untyped                                ;
; LPM_REMAINDERPOSITIVE  ; TRUE           ; Untyped                                ;
; MAXIMIZE_SPEED         ; 5              ; Untyped                                ;
; CBXI_PARAMETER         ; lpm_divide_qcm ; Untyped                                ;
; CARRY_CHAIN            ; MANUAL         ; Untyped                                ;
; OPTIMIZE_FOR_SPEED     ; 5              ; Untyped                                ;
; AUTO_CARRY_CHAINS      ; ON             ; AUTO_CARRY                             ;
; IGNORE_CARRY_BUFFERS   ; OFF            ; IGNORE_CARRY                           ;
; AUTO_CASCADE_CHAINS    ; ON             ; AUTO_CASCADE                           ;
; IGNORE_CASCADE_BUFFERS ; OFF            ; IGNORE_CASCADE                         ;
+------------------------+----------------+----------------------------------------+
Note: In order to hide this table in the UI and the text report file, please set the "Show Parameter Settings in Synthesis Report" option in "Analysis and Synthesis Settings -> More Settings" to "Off".


+----------------------------------------------------------------------------------------------------------------+
; Port Connectivity Checks: "DisplayCntrl:DisplayCntrl"                                                          ;
+------+--------+----------+-------------------------------------------------------------------------------------+
; Port ; Type   ; Severity ; Details                                                                             ;
+------+--------+----------+-------------------------------------------------------------------------------------+
; busy ; Output ; Info     ; Connected to dangling logic. Logic that only feeds a dangling port will be removed. ;
+------+--------+----------+-------------------------------------------------------------------------------------+


+----------------------------------------------+
; Port Connectivity Checks: "Mux:Mux"          ;
+------------+-------+----------+--------------+
; Port       ; Type  ; Severity ; Details      ;
+------------+-------+----------+--------------+
; datain6[3] ; Input ; Info     ; Stuck at VCC ;
; datain7[3] ; Input ; Info     ; Stuck at VCC ;
; datain7[2] ; Input ; Info     ; Stuck at GND ;
; datain7[1] ; Input ; Info     ; Stuck at VCC ;
; datain7[0] ; Input ; Info     ; Stuck at GND ;
+------------+-------+----------+--------------+


+----------------------------------------------------------------------------------------------------------------+
; Port Connectivity Checks: "PCounter4:counter5"                                                                 ;
+------+--------+----------+-------------------------------------------------------------------------------------+
; Port ; Type   ; Severity ; Details                                                                             ;
+------+--------+----------+-------------------------------------------------------------------------------------+
; tc   ; Output ; Info     ; Connected to dangling logic. Logic that only feeds a dangling port will be removed. ;
+------+--------+----------+-------------------------------------------------------------------------------------+


+-----------------------------------------------------+
; Post-Synthesis Netlist Statistics for Top Partition ;
+-----------------------+-----------------------------+
; Type                  ; Count                       ;
+-----------------------+-----------------------------+
; boundary_port         ; 97                          ;
; cycloneiii_ff         ; 204                         ;
;     ENA               ; 129                         ;
;     ENA SCLR          ; 13                          ;
;     SCLR              ; 32                          ;
;     plain             ; 30                          ;
; cycloneiii_lcell_comb ; 1549                        ;
;     arith             ; 436                         ;
;         2 data inputs ; 123                         ;
;         3 data inputs ; 313                         ;
;     normal            ; 1113                        ;
;         0 data inputs ; 20                          ;
;         1 data inputs ; 11                          ;
;         2 data inputs ; 525                         ;
;         3 data inputs ; 82                          ;
;         4 data inputs ; 475                         ;
;                       ;                             ;
; Max LUT depth         ; 45.60                       ;
; Average LUT depth     ; 28.52                       ;
+-----------------------+-----------------------------+


+-------------------------------+
; Elapsed Time Per Partition    ;
+----------------+--------------+
; Partition Name ; Elapsed Time ;
+----------------+--------------+
; Top            ; 00:00:02     ;
+----------------+--------------+


+-------------------------------+
; Analysis & Synthesis Messages ;
+-------------------------------+
Info: *******************************************************************
Info: Running Quartus Prime Analysis & Synthesis
    Info: Version 17.1.0 Build 590 10/25/2017 SJ Lite Edition
    Info: Processing started: Tue Jun 22 11:31:18 2021
Info: Command: quartus_map --read_settings_files=on --write_settings_files=off cronometro -c cronometro
Warning (18236): Number of processors has not been specified which may cause overloading on shared machines.  Set the global assignment NUM_PARALLEL_PROCESSORS in your QSF to an appropriate value for best performance.
Info (20030): Parallel compilation is enabled and will use 6 of the 6 processors detected
Info (12021): Found 2 design units, including 1 entities, in source file pcounter4.vhd
    Info (12022): Found design unit 1: PCounter4-Behav File: C:/Users/gonca/OneDrive/Documents/Repositorios/LSD_ProjFinal/project_2_1/PCounter4.vhd Line: 22
    Info (12023): Found entity 1: PCounter4 File: C:/Users/gonca/OneDrive/Documents/Repositorios/LSD_ProjFinal/project_2_1/PCounter4.vhd Line: 9
Warning (12090): Entity "Mux" obtained from "Mux.vhd" instead of from Quartus Prime megafunction library File: C:/Users/gonca/OneDrive/Documents/Repositorios/LSD_ProjFinal/project_2_1/Mux.vhd Line: 7
Info (12021): Found 2 design units, including 1 entities, in source file mux.vhd
    Info (12022): Found design unit 1: Mux-Behav File: C:/Users/gonca/OneDrive/Documents/Repositorios/LSD_ProjFinal/project_2_1/Mux.vhd Line: 13
    Info (12023): Found entity 1: Mux File: C:/Users/gonca/OneDrive/Documents/Repositorios/LSD_ProjFinal/project_2_1/Mux.vhd Line: 7
Info (12021): Found 2 design units, including 1 entities, in source file bin7segdecoder.vhd
    Info (12022): Found design unit 1: Bin7SegDecoder-Behavioral File: C:/Users/gonca/OneDrive/Documents/Repositorios/LSD_ProjFinal/project_2_1/Bin7SegDecoder.vhd Line: 12
    Info (12023): Found entity 1: Bin7SegDecoder File: C:/Users/gonca/OneDrive/Documents/Repositorios/LSD_ProjFinal/project_2_1/Bin7SegDecoder.vhd Line: 7
Info (12021): Found 2 design units, including 1 entities, in source file debounceunit.vhd
    Info (12022): Found design unit 1: DebounceUnit-Behavioral File: C:/Users/gonca/OneDrive/Documents/Repositorios/LSD_ProjFinal/project_2_1/DebounceUnit.vhd Line: 18
    Info (12023): Found entity 1: DebounceUnit File: C:/Users/gonca/OneDrive/Documents/Repositorios/LSD_ProjFinal/project_2_1/DebounceUnit.vhd Line: 8
Info (12021): Found 2 design units, including 1 entities, in source file chronometertop.vhd
    Info (12022): Found design unit 1: ChronometerTop-Behavioral File: C:/Users/gonca/OneDrive/Documents/Repositorios/LSD_ProjFinal/project_2_1/ChronometerTop.vhd Line: 16
    Info (12023): Found entity 1: ChronometerTop File: C:/Users/gonca/OneDrive/Documents/Repositorios/LSD_ProjFinal/project_2_1/ChronometerTop.vhd Line: 8
Info (12021): Found 2 design units, including 1 entities, in source file displaycntrl.vhd
    Info (12022): Found design unit 1: DisplayCntrl-Behavioral File: C:/Users/gonca/OneDrive/Documents/Repositorios/LSD_ProjFinal/project_2_1/DisplayCntrl.vhd Line: 17
    Info (12023): Found entity 1: DisplayCntrl File: C:/Users/gonca/OneDrive/Documents/Repositorios/LSD_ProjFinal/project_2_1/DisplayCntrl.vhd Line: 7
Info (12021): Found 2 design units, including 1 entities, in source file clkdividern.vhd
    Info (12022): Found design unit 1: ClkDividerN-Behavioral File: C:/Users/gonca/OneDrive/Documents/Repositorios/LSD_ProjFinal/project_2_1/ClkDividerN.vhd Line: 14
    Info (12023): Found entity 1: ClkDividerN File: C:/Users/gonca/OneDrive/Documents/Repositorios/LSD_ProjFinal/project_2_1/ClkDividerN.vhd Line: 8
Info (12021): Found 2 design units, including 1 entities, in source file reg.vhd
    Info (12022): Found design unit 1: Reg-Behavioral File: C:/Users/gonca/OneDrive/Documents/Repositorios/LSD_ProjFinal/project_2_1/Reg.vhd Line: 15
    Info (12023): Found entity 1: Reg File: C:/Users/gonca/OneDrive/Documents/Repositorios/LSD_ProjFinal/project_2_1/Reg.vhd Line: 7
Info (12021): Found 2 design units, including 1 entities, in source file syncgen.vhd
    Info (12022): Found design unit 1: SyncGen-Behavioral File: C:/Users/gonca/OneDrive/Documents/Repositorios/LSD_ProjFinal/project_2_1/SyncGen.vhd Line: 16
    Info (12023): Found entity 1: SyncGen File: C:/Users/gonca/OneDrive/Documents/Repositorios/LSD_ProjFinal/project_2_1/SyncGen.vhd Line: 7
Info (12021): Found 2 design units, including 1 entities, in source file chronometertop_tb.vhd
    Info (12022): Found design unit 1: ChronometerTop_Tb-Stimulus File: C:/Users/gonca/OneDrive/Documents/Repositorios/LSD_ProjFinal/project_2_1/ChronometerTop_Tb.vhd Line: 11
    Info (12023): Found entity 1: ChronometerTop_Tb File: C:/Users/gonca/OneDrive/Documents/Repositorios/LSD_ProjFinal/project_2_1/ChronometerTop_Tb.vhd Line: 8
Info (12127): Elaborating entity "ChronometerTop" for the top level hierarchy
Warning (10036): Verilog HDL or VHDL warning at ChronometerTop.vhd(31): object "s_TC_final" assigned a value but never read File: C:/Users/gonca/OneDrive/Documents/Repositorios/LSD_ProjFinal/project_2_1/ChronometerTop.vhd Line: 31
Warning (10873): Using initial value X (don't care) for net "LEDR[17..1]" at ChronometerTop.vhd(13) File: C:/Users/gonca/OneDrive/Documents/Repositorios/LSD_ProjFinal/project_2_1/ChronometerTop.vhd Line: 13
Info (12129): Elaborating entity "ClkDividerN" using architecture "A:behavioral" for hierarchy "ClkDividerN:clkDiv" File: C:/Users/gonca/OneDrive/Documents/Repositorios/LSD_ProjFinal/project_2_1/ChronometerTop.vhd Line: 88
Info (12129): Elaborating entity "DebounceUnit" using architecture "A:behavioral" for hierarchy "DebounceUnit:deb1" File: C:/Users/gonca/OneDrive/Documents/Repositorios/LSD_ProjFinal/project_2_1/ChronometerTop.vhd Line: 97
Info (12129): Elaborating entity "DebounceUnit" using architecture "A:behavioral" for hierarchy "DebounceUnit:deb2" File: C:/Users/gonca/OneDrive/Documents/Repositorios/LSD_ProjFinal/project_2_1/ChronometerTop.vhd Line: 103
Info (12129): Elaborating entity "SyncGen" using architecture "A:behavioral" for hierarchy "SyncGen:SyncGen" File: C:/Users/gonca/OneDrive/Documents/Repositorios/LSD_ProjFinal/project_2_1/ChronometerTop.vhd Line: 150
Info (12129): Elaborating entity "PCounter4" using architecture "A:behav" for hierarchy "PCounter4:counter0" File: C:/Users/gonca/OneDrive/Documents/Repositorios/LSD_ProjFinal/project_2_1/ChronometerTop.vhd Line: 230
Info (12129): Elaborating entity "PCounter4" using architecture "A:behav" for hierarchy "PCounter4:counter3" File: C:/Users/gonca/OneDrive/Documents/Repositorios/LSD_ProjFinal/project_2_1/ChronometerTop.vhd Line: 263
Info (12129): Elaborating entity "Mux" using architecture "A:behav" for hierarchy "Mux:Mux" File: C:/Users/gonca/OneDrive/Documents/Repositorios/LSD_ProjFinal/project_2_1/ChronometerTop.vhd Line: 327
Info (12129): Elaborating entity "Bin7SegDecoder" using architecture "A:behavioral" for hierarchy "Bin7SegDecoder:segDecoder" File: C:/Users/gonca/OneDrive/Documents/Repositorios/LSD_ProjFinal/project_2_1/ChronometerTop.vhd Line: 339
Info (12129): Elaborating entity "DisplayCntrl" using architecture "A:behavioral" for hierarchy "DisplayCntrl:DisplayCntrl" File: C:/Users/gonca/OneDrive/Documents/Repositorios/LSD_ProjFinal/project_2_1/ChronometerTop.vhd Line: 343
Info (12129): Elaborating entity "Reg" using architecture "A:behavioral" for hierarchy "Reg:reg1" File: C:/Users/gonca/OneDrive/Documents/Repositorios/LSD_ProjFinal/project_2_1/ChronometerTop.vhd Line: 352
Info (278001): Inferred 2 megafunctions from design logic
    Info (278004): Inferred divider/modulo megafunction ("lpm_divide") from the following logic: "SyncGen:SyncGen|Mod1" File: C:/Users/gonca/OneDrive/Documents/Repositorios/LSD_ProjFinal/project_2_1/SyncGen.vhd Line: 37
    Info (278004): Inferred divider/modulo megafunction ("lpm_divide") from the following logic: "SyncGen:SyncGen|Mod0" File: C:/Users/gonca/OneDrive/Documents/Repositorios/LSD_ProjFinal/project_2_1/SyncGen.vhd Line: 34
Info (12130): Elaborated megafunction instantiation "SyncGen:SyncGen|lpm_divide:Mod1" File: C:/Users/gonca/OneDrive/Documents/Repositorios/LSD_ProjFinal/project_2_1/SyncGen.vhd Line: 37
Info (12133): Instantiated megafunction "SyncGen:SyncGen|lpm_divide:Mod1" with the following parameter: File: C:/Users/gonca/OneDrive/Documents/Repositorios/LSD_ProjFinal/project_2_1/SyncGen.vhd Line: 37
    Info (12134): Parameter "LPM_WIDTHN" = "26"
    Info (12134): Parameter "LPM_WIDTHD" = "26"
    Info (12134): Parameter "LPM_NREPRESENTATION" = "UNSIGNED"
    Info (12134): Parameter "LPM_DREPRESENTATION" = "UNSIGNED"
Info (12021): Found 1 design units, including 1 entities, in source file db/lpm_divide_qcm.tdf
    Info (12023): Found entity 1: lpm_divide_qcm File: C:/Users/gonca/OneDrive/Documents/Repositorios/LSD_ProjFinal/project_2_1/db/lpm_divide_qcm.tdf Line: 24
Info (12021): Found 1 design units, including 1 entities, in source file db/sign_div_unsign_fnh.tdf
    Info (12023): Found entity 1: sign_div_unsign_fnh File: C:/Users/gonca/OneDrive/Documents/Repositorios/LSD_ProjFinal/project_2_1/db/sign_div_unsign_fnh.tdf Line: 24
Info (12021): Found 1 design units, including 1 entities, in source file db/alt_u_div_iaf.tdf
    Info (12023): Found entity 1: alt_u_div_iaf File: C:/Users/gonca/OneDrive/Documents/Repositorios/LSD_ProjFinal/project_2_1/db/alt_u_div_iaf.tdf Line: 26
Info (12021): Found 1 design units, including 1 entities, in source file db/add_sub_7pc.tdf
    Info (12023): Found entity 1: add_sub_7pc File: C:/Users/gonca/OneDrive/Documents/Repositorios/LSD_ProjFinal/project_2_1/db/add_sub_7pc.tdf Line: 22
Info (12021): Found 1 design units, including 1 entities, in source file db/add_sub_8pc.tdf
    Info (12023): Found entity 1: add_sub_8pc File: C:/Users/gonca/OneDrive/Documents/Repositorios/LSD_ProjFinal/project_2_1/db/add_sub_8pc.tdf Line: 22
Info (12130): Elaborated megafunction instantiation "SyncGen:SyncGen|lpm_divide:Mod0" File: C:/Users/gonca/OneDrive/Documents/Repositorios/LSD_ProjFinal/project_2_1/SyncGen.vhd Line: 34
Info (12133): Instantiated megafunction "SyncGen:SyncGen|lpm_divide:Mod0" with the following parameter: File: C:/Users/gonca/OneDrive/Documents/Repositorios/LSD_ProjFinal/project_2_1/SyncGen.vhd Line: 34
    Info (12134): Parameter "LPM_WIDTHN" = "26"
    Info (12134): Parameter "LPM_WIDTHD" = "26"
    Info (12134): Parameter "LPM_NREPRESENTATION" = "UNSIGNED"
    Info (12134): Parameter "LPM_DREPRESENTATION" = "UNSIGNED"
Warning (13024): Output pins are stuck at VCC or GND
    Warning (13410): Pin "LEDR[1]" is stuck at GND File: C:/Users/gonca/OneDrive/Documents/Repositorios/LSD_ProjFinal/project_2_1/ChronometerTop.vhd Line: 13
    Warning (13410): Pin "LEDR[2]" is stuck at GND File: C:/Users/gonca/OneDrive/Documents/Repositorios/LSD_ProjFinal/project_2_1/ChronometerTop.vhd Line: 13
    Warning (13410): Pin "LEDR[3]" is stuck at GND File: C:/Users/gonca/OneDrive/Documents/Repositorios/LSD_ProjFinal/project_2_1/ChronometerTop.vhd Line: 13
    Warning (13410): Pin "LEDR[4]" is stuck at GND File: C:/Users/gonca/OneDrive/Documents/Repositorios/LSD_ProjFinal/project_2_1/ChronometerTop.vhd Line: 13
    Warning (13410): Pin "LEDR[5]" is stuck at GND File: C:/Users/gonca/OneDrive/Documents/Repositorios/LSD_ProjFinal/project_2_1/ChronometerTop.vhd Line: 13
    Warning (13410): Pin "LEDR[6]" is stuck at GND File: C:/Users/gonca/OneDrive/Documents/Repositorios/LSD_ProjFinal/project_2_1/ChronometerTop.vhd Line: 13
    Warning (13410): Pin "LEDR[7]" is stuck at GND File: C:/Users/gonca/OneDrive/Documents/Repositorios/LSD_ProjFinal/project_2_1/ChronometerTop.vhd Line: 13
    Warning (13410): Pin "LEDR[8]" is stuck at GND File: C:/Users/gonca/OneDrive/Documents/Repositorios/LSD_ProjFinal/project_2_1/ChronometerTop.vhd Line: 13
    Warning (13410): Pin "LEDR[9]" is stuck at GND File: C:/Users/gonca/OneDrive/Documents/Repositorios/LSD_ProjFinal/project_2_1/ChronometerTop.vhd Line: 13
    Warning (13410): Pin "LEDR[10]" is stuck at GND File: C:/Users/gonca/OneDrive/Documents/Repositorios/LSD_ProjFinal/project_2_1/ChronometerTop.vhd Line: 13
    Warning (13410): Pin "LEDR[11]" is stuck at GND File: C:/Users/gonca/OneDrive/Documents/Repositorios/LSD_ProjFinal/project_2_1/ChronometerTop.vhd Line: 13
    Warning (13410): Pin "LEDR[12]" is stuck at GND File: C:/Users/gonca/OneDrive/Documents/Repositorios/LSD_ProjFinal/project_2_1/ChronometerTop.vhd Line: 13
    Warning (13410): Pin "LEDR[13]" is stuck at GND File: C:/Users/gonca/OneDrive/Documents/Repositorios/LSD_ProjFinal/project_2_1/ChronometerTop.vhd Line: 13
    Warning (13410): Pin "LEDR[14]" is stuck at GND File: C:/Users/gonca/OneDrive/Documents/Repositorios/LSD_ProjFinal/project_2_1/ChronometerTop.vhd Line: 13
    Warning (13410): Pin "LEDR[15]" is stuck at GND File: C:/Users/gonca/OneDrive/Documents/Repositorios/LSD_ProjFinal/project_2_1/ChronometerTop.vhd Line: 13
    Warning (13410): Pin "LEDR[16]" is stuck at GND File: C:/Users/gonca/OneDrive/Documents/Repositorios/LSD_ProjFinal/project_2_1/ChronometerTop.vhd Line: 13
    Warning (13410): Pin "LEDR[17]" is stuck at GND File: C:/Users/gonca/OneDrive/Documents/Repositorios/LSD_ProjFinal/project_2_1/ChronometerTop.vhd Line: 13
Info (286030): Timing-Driven Synthesis is running
Info (16010): Generating hard_block partition "hard_block:auto_generated_inst"
    Info (16011): Adding 0 node(s), including 0 DDIO, 0 PLL, 0 transceiver and 0 LCELL
Warning (21074): Design contains 19 input pin(s) that do not drive logic
    Warning (15610): No output dependent on input pin "SW[2]" File: C:/Users/gonca/OneDrive/Documents/Repositorios/LSD_ProjFinal/project_2_1/ChronometerTop.vhd Line: 10
    Warning (15610): No output dependent on input pin "SW[3]" File: C:/Users/gonca/OneDrive/Documents/Repositorios/LSD_ProjFinal/project_2_1/ChronometerTop.vhd Line: 10
    Warning (15610): No output dependent on input pin "SW[4]" File: C:/Users/gonca/OneDrive/Documents/Repositorios/LSD_ProjFinal/project_2_1/ChronometerTop.vhd Line: 10
    Warning (15610): No output dependent on input pin "SW[5]" File: C:/Users/gonca/OneDrive/Documents/Repositorios/LSD_ProjFinal/project_2_1/ChronometerTop.vhd Line: 10
    Warning (15610): No output dependent on input pin "SW[6]" File: C:/Users/gonca/OneDrive/Documents/Repositorios/LSD_ProjFinal/project_2_1/ChronometerTop.vhd Line: 10
    Warning (15610): No output dependent on input pin "SW[7]" File: C:/Users/gonca/OneDrive/Documents/Repositorios/LSD_ProjFinal/project_2_1/ChronometerTop.vhd Line: 10
    Warning (15610): No output dependent on input pin "SW[8]" File: C:/Users/gonca/OneDrive/Documents/Repositorios/LSD_ProjFinal/project_2_1/ChronometerTop.vhd Line: 10
    Warning (15610): No output dependent on input pin "SW[9]" File: C:/Users/gonca/OneDrive/Documents/Repositorios/LSD_ProjFinal/project_2_1/ChronometerTop.vhd Line: 10
    Warning (15610): No output dependent on input pin "SW[10]" File: C:/Users/gonca/OneDrive/Documents/Repositorios/LSD_ProjFinal/project_2_1/ChronometerTop.vhd Line: 10
    Warning (15610): No output dependent on input pin "SW[11]" File: C:/Users/gonca/OneDrive/Documents/Repositorios/LSD_ProjFinal/project_2_1/ChronometerTop.vhd Line: 10
    Warning (15610): No output dependent on input pin "SW[12]" File: C:/Users/gonca/OneDrive/Documents/Repositorios/LSD_ProjFinal/project_2_1/ChronometerTop.vhd Line: 10
    Warning (15610): No output dependent on input pin "SW[13]" File: C:/Users/gonca/OneDrive/Documents/Repositorios/LSD_ProjFinal/project_2_1/ChronometerTop.vhd Line: 10
    Warning (15610): No output dependent on input pin "SW[14]" File: C:/Users/gonca/OneDrive/Documents/Repositorios/LSD_ProjFinal/project_2_1/ChronometerTop.vhd Line: 10
    Warning (15610): No output dependent on input pin "SW[15]" File: C:/Users/gonca/OneDrive/Documents/Repositorios/LSD_ProjFinal/project_2_1/ChronometerTop.vhd Line: 10
    Warning (15610): No output dependent on input pin "SW[16]" File: C:/Users/gonca/OneDrive/Documents/Repositorios/LSD_ProjFinal/project_2_1/ChronometerTop.vhd Line: 10
    Warning (15610): No output dependent on input pin "SW[17]" File: C:/Users/gonca/OneDrive/Documents/Repositorios/LSD_ProjFinal/project_2_1/ChronometerTop.vhd Line: 10
    Warning (15610): No output dependent on input pin "KEY[0]" File: C:/Users/gonca/OneDrive/Documents/Repositorios/LSD_ProjFinal/project_2_1/ChronometerTop.vhd Line: 11
    Warning (15610): No output dependent on input pin "KEY[1]" File: C:/Users/gonca/OneDrive/Documents/Repositorios/LSD_ProjFinal/project_2_1/ChronometerTop.vhd Line: 11
    Warning (15610): No output dependent on input pin "KEY[2]" File: C:/Users/gonca/OneDrive/Documents/Repositorios/LSD_ProjFinal/project_2_1/ChronometerTop.vhd Line: 11
Info (21057): Implemented 1706 device resources after synthesis - the final resource count might be different
    Info (21058): Implemented 23 input pins
    Info (21059): Implemented 74 output pins
    Info (21061): Implemented 1609 logic cells
Info: Quartus Prime Analysis & Synthesis was successful. 0 errors, 42 warnings
    Info: Peak virtual memory: 4819 megabytes
    Info: Processing ended: Tue Jun 22 11:31:30 2021
    Info: Elapsed time: 00:00:12
    Info: Total CPU time (on all processors): 00:00:24


